// Jest Snapshot v1, https://goo.gl/fbAQLP

exports[`FAQCategoryView should match the snapshot 1`] = `
<div
  class="category"
>
  <h2
    class="title"
  >
    Categories
  </h2>
   
  <div
    class="row"
  >
    <div
      class="column"
    >
      <div
        class="category-column"
      >
        <i
          class="material-icons category-icon"
          style="padding: 35px;"
        >
          home
        </i>
         
        <br />
        Club
      
      </div>
    </div>
     
    <div
      class="column"
    >
      <div
        class="category-column"
      >
        <i
          class="material-icons category-icon"
          style="padding: 35px;"
        >
          work
        </i>
         
        <br />
        Company
      
      </div>
    </div>
  </div>
   
  <div
    class="row"
  >
    <div
      class="column"
    >
      <div
        class="category-column"
      >
        <i
          class="material-icons category-icon"
          style="padding: 35px;"
        >
          face
        </i>
         
        <br />
        Me
      
      </div>
    </div>
     
    <div
      class="column"
    >
      <div
        class="category-column"
      >
        <i
          class="material-icons category-icon"
          style="padding: 35px;"
        >
          domain
        </i>
         
        <br />
        Client
      
      </div>
    </div>
  </div>
</div>
`;
