// Jest Snapshot v1, https://goo.gl/fbAQLP

exports[`FAQSearchView should match the snapshot 1`] = `<!---->`;
